hi i am using git hub now 

Microsoft Windows [Version 10.0.19045.6466]
(c) Microsoft Corporation. All rights reserved.

C:\Users\neo\Desktop\git sample>git init
Initialized empty Git repository in C:/Users/neo/Desktop/git sample/.git/

C:\Users\neo\Desktop\git sample>git status
On branch master

No commits yet

Untracked files:
  (use "git add <file>..." to include in what will be committed)
        Hello Github.txt

nothing added to commit but untracked files present (use "git add" to track)

C:\Users\neo\Desktop\git sample>git status
On branch master

No commits yet

Untracked files:
  (use "git add <file>..." to include in what will be committed)
        HelloGithub.txt

nothing added to commit but untracked files present (use "git add" to track)

C:\Users\neo\Desktop\git sample>git add HelloGithub.txt

C:\Users\neo\Desktop\git sample>git status
On branch master

No commits yet

Changes to be committed:
  (use "git rm --cached <file>..." to unstage)
        new file:   HelloGithub.txt


C:\Users\neo\Desktop\git sample>git commit -m "my first git hub project"
[master (root-commit) 9180d2c] my first git hub project
 1 file changed, 1 insertion(+)
 create mode 100644 HelloGithub.txt

C:\Users\neo\Desktop\git sample>git push
fatal: No configured push destination.
Either specify the URL from the command-line or configure a remote repository using

    git remote add <name> <url>

and then push using the remote name

    git push <name>


C:\Users\neo\Desktop\git sample>git branch -M main

C:\Users\neo\Desktop\git sample>git remote add origin https://github.com/sheela8123-tech/GitSample.git

C:\Users\neo\Desktop\git sample>git push -u origin main
info: please complete authentication in your browser...
Enumerating objects: 3, done.
Counting objects: 100% (3/3), done.
Writing objects: 100% (3/3), 250 bytes | 250.00 KiB/s, done.
Total 3 (delta 0), reused 0 (delta 0), pack-reused 0 (from 0)
To https://github.com/sheela8123-tech/GitSample.git
 * [new branch]      main -> main
branch 'main' set up to track 'origin/main'.

C:\Users\neo\Desktop\git sample>git push
Everything up-to-date

C:\Users\neo\Desktop\git sample>git status
On branch main
Your branch is up to date with 'origin/main'.

nothing to commit, working tree clean

C:\Users\neo\Desktop\git sample>